// Vitest Snapshot v1, https://vitest.dev/guide/snapshot.html

exports[`Card component > Renders component 1`] = `
{
  "asFragment": [Function],
  "baseElement": <body>
    <div>
      <div
        class="sc-dDvxFM PHluN"
      >
        <h4 />
        <img
          alt=""
        />
        <p>
          $undefined
        </p>
        <div
          class="sc-KXCwU fCBWIZ"
        >
          <label>
            Quantity:
          </label>
          <div
            class="sc-gyycJP hJHhVz"
          >
            <button
              aria-label="minus"
              class="sc-eaUbBy bfyhJY"
            >
              <svg
                class="lucide lucide-minus"
                fill="none"
                height="24"
                stroke="currentColor"
                stroke-linecap="round"
                stroke-linejoin="round"
                stroke-width="2"
                viewBox="0 0 24 24"
                width="24"
                xmlns="http://www.w3.org/2000/svg"
              >
                <path
                  d="M5 12h14"
                />
              </svg>
            </button>
            <input
              class="sc-gaZyOd Gexjg"
              max="99"
              min="0"
              type="number"
              value="0"
            />
            <button
              aria-label="plus"
              class="sc-eaUbBy bfyhJY"
            >
              <svg
                class="lucide lucide-plus"
                fill="none"
                height="24"
                stroke="currentColor"
                stroke-linecap="round"
                stroke-linejoin="round"
                stroke-width="2"
                viewBox="0 0 24 24"
                width="24"
                xmlns="http://www.w3.org/2000/svg"
              >
                <path
                  d="M5 12h14"
                />
                <path
                  d="M12 5v14"
                />
              </svg>
            </button>
          </div>
        </div>
        <button>
          Add To Cart
        </button>
      </div>
    </div>
  </body>,
  "container": <div>
    <div
      class="sc-dDvxFM PHluN"
    >
      <h4 />
      <img
        alt=""
      />
      <p>
        $undefined
      </p>
      <div
        class="sc-KXCwU fCBWIZ"
      >
        <label>
          Quantity:
        </label>
        <div
          class="sc-gyycJP hJHhVz"
        >
          <button
            aria-label="minus"
            class="sc-eaUbBy bfyhJY"
          >
            <svg
              class="lucide lucide-minus"
              fill="none"
              height="24"
              stroke="currentColor"
              stroke-linecap="round"
              stroke-linejoin="round"
              stroke-width="2"
              viewBox="0 0 24 24"
              width="24"
              xmlns="http://www.w3.org/2000/svg"
            >
              <path
                d="M5 12h14"
              />
            </svg>
          </button>
          <input
            class="sc-gaZyOd Gexjg"
            max="99"
            min="0"
            type="number"
            value="0"
          />
          <button
            aria-label="plus"
            class="sc-eaUbBy bfyhJY"
          >
            <svg
              class="lucide lucide-plus"
              fill="none"
              height="24"
              stroke="currentColor"
              stroke-linecap="round"
              stroke-linejoin="round"
              stroke-width="2"
              viewBox="0 0 24 24"
              width="24"
              xmlns="http://www.w3.org/2000/svg"
            >
              <path
                d="M5 12h14"
              />
              <path
                d="M12 5v14"
              />
            </svg>
          </button>
        </div>
      </div>
      <button>
        Add To Cart
      </button>
    </div>
  </div>,
  "debug": [Function],
  "findAllByAltText": [Function],
  "findAllByDisplayValue": [Function],
  "findAllByLabelText": [Function],
  "findAllByPlaceholderText": [Function],
  "findAllByRole": [Function],
  "findAllByTestId": [Function],
  "findAllByText": [Function],
  "findAllByTitle": [Function],
  "findByAltText": [Function],
  "findByDisplayValue": [Function],
  "findByLabelText": [Function],
  "findByPlaceholderText": [Function],
  "findByRole": [Function],
  "findByTestId": [Function],
  "findByText": [Function],
  "findByTitle": [Function],
  "getAllByAltText": [Function],
  "getAllByDisplayValue": [Function],
  "getAllByLabelText": [Function],
  "getAllByPlaceholderText": [Function],
  "getAllByRole": [Function],
  "getAllByTestId": [Function],
  "getAllByText": [Function],
  "getAllByTitle": [Function],
  "getByAltText": [Function],
  "getByDisplayValue": [Function],
  "getByLabelText": [Function],
  "getByPlaceholderText": [Function],
  "getByRole": [Function],
  "getByTestId": [Function],
  "getByText": [Function],
  "getByTitle": [Function],
  "queryAllByAltText": [Function],
  "queryAllByDisplayValue": [Function],
  "queryAllByLabelText": [Function],
  "queryAllByPlaceholderText": [Function],
  "queryAllByRole": [Function],
  "queryAllByTestId": [Function],
  "queryAllByText": [Function],
  "queryAllByTitle": [Function],
  "queryByAltText": [Function],
  "queryByDisplayValue": [Function],
  "queryByLabelText": [Function],
  "queryByPlaceholderText": [Function],
  "queryByRole": [Function],
  "queryByTestId": [Function],
  "queryByText": [Function],
  "queryByTitle": [Function],
  "rerender": [Function],
  "unmount": [Function],
}
`;
